Category: 📺央视频道, Name: CCTV-5, Total: 2, Valid: 2, Valid Percent: 100.00%, Whitelist: 0, IPv4: 2, IPv6: 0, Min Delay: 286 ms, Max Speed: 10.31 M/s, Avg Speed: 9.46 M/s, Max Resolution: 1920x1080
Category: 📺央视频道, Name: CCTV-10, Total: 1, Valid: 1, Valid Percent: 100.00%, Whitelist: 0, IPv4: 1, IPv6: 0, Min Delay: 2367 ms, Max Speed: 0.48 M/s, Avg Speed: 0.48 M/s, Max Resolution: 1920x1080
Category: 📺央视频道, Name: CCTV-13, Total: 1, Valid: 1, Valid Percent: 100.00%, Whitelist: 0, IPv4: 0, IPv6: 1, Min Delay: 2252 ms, Max Speed: 1.36 M/s, Avg Speed: 1.36 M/s, Max Resolution: 1920x1080
Category: 📺央视频道, Name: CCTV-14, Total: 1, Valid: 1, Valid Percent: 100.00%, Whitelist: 0, IPv4: 0, IPv6: 1, Min Delay: 3109 ms, Max Speed: 1.17 M/s, Avg Speed: 1.17 M/s, Max Resolution: 1920x1080
Category: 📺央视频道, Name: CETV-1, Total: 2, Valid: 2, Valid Percent: 100.00%, Whitelist: 0, IPv4: 2, IPv6: 0, Min Delay: 476 ms, Max Speed: 7.29 M/s, Avg Speed: 5.21 M/s, Max Resolution: 1920x1080
Category: 📺央视频道, Name: CETV-3, Total: 8, Valid: 8, Valid Percent: 100.00%, Whitelist: 0, IPv4: 8, IPv6: 0, Min Delay: 309 ms, Max Speed: 8.83 M/s, Avg Speed: 3.72 M/s, Max Resolution: 1280x720
Category: 卫视频道，#genre#, Name: 广东卫视, Total: 1, Valid: 1, Valid Percent: 100.00%, Whitelist: 0, IPv4: 1, IPv6: 0, Min Delay: 82 ms, Max Speed: 1.26 M/s, Avg Speed: 1.26 M/s, Max Resolution: None
Category: 卫视频道，#genre#, Name: 香港卫视, Total: 4, Valid: 3, Valid Percent: 75.00%, Whitelist: 0, IPv4: 3, IPv6: 1, Min Delay: 13 ms, Max Speed: 9.38 M/s, Avg Speed: 3.20 M/s, Max Resolution: 1280x720
Category: 卫视频道，#genre#, Name: 浙江卫视, Total: 12, Valid: 12, Valid Percent: 100.00%, Whitelist: 0, IPv4: 12, IPv6: 0, Min Delay: 58 ms, Max Speed: 84.31 M/s, Avg Speed: 29.39 M/s, Max Resolution: 1920x1080
Category: 卫视频道，#genre#, Name: 湖南卫视, Total: 12, Valid: 12, Valid Percent: 100.00%, Whitelist: 0, IPv4: 11, IPv6: 1, Min Delay: 52 ms, Max Speed: 97.06 M/s, Avg Speed: 47.11 M/s, Max Resolution: 3840x2160
Category: 卫视频道，#genre#, Name: 北京卫视, Total: 1, Valid: 1, Valid Percent: 100.00%, Whitelist: 0, IPv4: 1, IPv6: 0, Min Delay: 71 ms, Max Speed: 1.25 M/s, Avg Speed: 1.25 M/s, Max Resolution: None
Category: 卫视频道，#genre#, Name: 湖北卫视, Total: 1, Valid: 1, Valid Percent: 100.00%, Whitelist: 0, IPv4: 1, IPv6: 0, Min Delay: 66 ms, Max Speed: 1.41 M/s, Avg Speed: 1.41 M/s, Max Resolution: None
Category: 卫视频道，#genre#, Name: 黑龙江卫视, Total: 7, Valid: 7, Valid Percent: 100.00%, Whitelist: 0, IPv4: 7, IPv6: 0, Min Delay: 63 ms, Max Speed: 83.33 M/s, Avg Speed: 65.18 M/s, Max Resolution: 1920x1080
Category: 卫视频道，#genre#, Name: 安徽卫视, Total: 1, Valid: 1, Valid Percent: 100.00%, Whitelist: 0, IPv4: 1, IPv6: 0, Min Delay: 80 ms, Max Speed: 1.17 M/s, Avg Speed: 1.17 M/s, Max Resolution: None
Category: 卫视频道，#genre#, Name: 重庆卫视, Total: 1, Valid: 1, Valid Percent: 100.00%, Whitelist: 0, IPv4: 1, IPv6: 0, Min Delay: 75 ms, Max Speed: 1.34 M/s, Avg Speed: 1.34 M/s, Max Resolution: None
Category: 卫视频道，#genre#, Name: 东方卫视, Total: 3, Valid: 3, Valid Percent: 100.00%, Whitelist: 0, IPv4: 3, IPv6: 0, Min Delay: 60 ms, Max Speed: 77.90 M/s, Avg Speed: 53.99 M/s, Max Resolution: 1920x1080
Category: 卫视频道，#genre#, Name: 东南卫视, Total: 7, Valid: 7, Valid Percent: 100.00%, Whitelist: 0, IPv4: 6, IPv6: 1, Min Delay: 64 ms, Max Speed: 76.72 M/s, Avg Speed: 48.66 M/s, Max Resolution: 1920x1080
Category: 卫视频道，#genre#, Name: 广西卫视, Total: 9, Valid: 9, Valid Percent: 100.00%, Whitelist: 0, IPv4: 7, IPv6: 2, Min Delay: 55 ms, Max Speed: 89.03 M/s, Avg Speed: 47.90 M/s, Max Resolution: 1920x1080
Category: 卫视频道，#genre#, Name: 贵州卫视, Total: 1, Valid: 1, Valid Percent: 100.00%, Whitelist: 0, IPv4: 1, IPv6: 0, Min Delay: 80 ms, Max Speed: 1.26 M/s, Avg Speed: 1.26 M/s, Max Resolution: None
Category: 卫视频道，#genre#, Name: 海南卫视, Total: 1, Valid: 1, Valid Percent: 100.00%, Whitelist: 0, IPv4: 1, IPv6: 0, Min Delay: 84 ms, Max Speed: 1.15 M/s, Avg Speed: 1.15 M/s, Max Resolution: None
Category: 卫视频道，#genre#, Name: 河北卫视, Total: 1, Valid: 1, Valid Percent: 100.00%, Whitelist: 0, IPv4: 1, IPv6: 0, Min Delay: 78 ms, Max Speed: 1.16 M/s, Avg Speed: 1.16 M/s, Max Resolution: None
Category: 卫视频道，#genre#, Name: 河南卫视, Total: 2, Valid: 2, Valid Percent: 100.00%, Whitelist: 0, IPv4: 2, IPv6: 0, Min Delay: 302 ms, Max Speed: 0.94 M/s, Avg Speed: 0.69 M/s, Max Resolution: 1920x1080
Category: 卫视频道，#genre#, Name: 吉林卫视, Total: 1, Valid: 1, Valid Percent: 100.00%, Whitelist: 0, IPv4: 1, IPv6: 0, Min Delay: 84 ms, Max Speed: 1.18 M/s, Avg Speed: 1.18 M/s, Max Resolution: None
Category: 卫视频道，#genre#, Name: 江苏卫视, Total: 7, Valid: 7, Valid Percent: 100.00%, Whitelist: 0, IPv4: 7, IPv6: 0, Min Delay: 60 ms, Max Speed: 84.28 M/s, Avg Speed: 54.32 M/s, Max Resolution: 1920x1080
Category: 卫视频道，#genre#, Name: 江西卫视, Total: 8, Valid: 8, Valid Percent: 100.00%, Whitelist: 0, IPv4: 8, IPv6: 0, Min Delay: 60 ms, Max Speed: 78.23 M/s, Avg Speed: 53.05 M/s, Max Resolution: 1920x1080
Category: 卫视频道，#genre#, Name: 辽宁卫视, Total: 14, Valid: 14, Valid Percent: 100.00%, Whitelist: 0, IPv4: 14, IPv6: 0, Min Delay: 57 ms, Max Speed: 90.18 M/s, Avg Speed: 38.28 M/s, Max Resolution: 1920x1080
Category: 卫视频道，#genre#, Name: 内蒙古卫视, Total: 1, Valid: 1, Valid Percent: 100.00%, Whitelist: 0, IPv4: 1, IPv6: 0, Min Delay: 75 ms, Max Speed: 1.33 M/s, Avg Speed: 1.33 M/s, Max Resolution: None
Category: 卫视频道，#genre#, Name: 宁夏卫视, Total: 1, Valid: 1, Valid Percent: 100.00%, Whitelist: 0, IPv4: 1, IPv6: 0, Min Delay: 74 ms, Max Speed: 1.30 M/s, Avg Speed: 1.30 M/s, Max Resolution: None
Category: 卫视频道，#genre#, Name: 青海卫视, Total: 2, Valid: 2, Valid Percent: 100.00%, Whitelist: 0, IPv4: 1, IPv6: 1, Min Delay: 65 ms, Max Speed: 1.40 M/s, Avg Speed: 1.16 M/s, Max Resolution: 1920x1080
Category: 卫视频道，#genre#, Name: 山东卫视, Total: 1, Valid: 1, Valid Percent: 100.00%, Whitelist: 0, IPv4: 1, IPv6: 0, Min Delay: 304 ms, Max Speed: 0.45 M/s, Avg Speed: 0.45 M/s, Max Resolution: None
Category: 卫视频道，#genre#, Name: 山西卫视, Total: 1, Valid: 1, Valid Percent: 100.00%, Whitelist: 0, IPv4: 1, IPv6: 0, Min Delay: 82 ms, Max Speed: 1.27 M/s, Avg Speed: 1.27 M/s, Max Resolution: None
Category: 卫视频道，#genre#, Name: 陕西卫视, Total: 1, Valid: 1, Valid Percent: 100.00%, Whitelist: 0, IPv4: 1, IPv6: 0, Min Delay: 79 ms, Max Speed: 1.23 M/s, Avg Speed: 1.23 M/s, Max Resolution: None
Category: 卫视频道，#genre#, Name: 四川卫视, Total: 6, Valid: 6, Valid Percent: 100.00%, Whitelist: 0, IPv4: 6, IPv6: 0, Min Delay: 53 ms, Max Speed: 90.92 M/s, Avg Speed: 54.75 M/s, Max Resolution: 3840x2160
Category: 卫视频道，#genre#, Name: 深圳卫视, Total: 1, Valid: 1, Valid Percent: 100.00%, Whitelist: 0, IPv4: 1, IPv6: 0, Min Delay: 89 ms, Max Speed: 0.99 M/s, Avg Speed: 0.99 M/s, Max Resolution: None
Category: 卫视频道，#genre#, Name: 三沙卫视, Total: 2, Valid: 2, Valid Percent: 100.00%, Whitelist: 0, IPv4: 2, IPv6: 0, Min Delay: 59 ms, Max Speed: 83.53 M/s, Avg Speed: 77.51 M/s, Max Resolution: 1920x1080
Category: 卫视频道，#genre#, Name: 天津卫视, Total: 7, Valid: 7, Valid Percent: 100.00%, Whitelist: 0, IPv4: 7, IPv6: 0, Min Delay: 62 ms, Max Speed: 70.93 M/s, Avg Speed: 45.36 M/s, Max Resolution: 1920x1080
Category: 卫视频道，#genre#, Name: 西藏卫视, Total: 6, Valid: 6, Valid Percent: 100.00%, Whitelist: 0, IPv4: 6, IPv6: 0, Min Delay: 58 ms, Max Speed: 80.14 M/s, Avg Speed: 61.36 M/s, Max Resolution: 1920x1080
Category: 卫视频道，#genre#, Name: 新疆卫视, Total: 8, Valid: 8, Valid Percent: 100.00%, Whitelist: 0, IPv4: 8, IPv6: 0, Min Delay: 52 ms, Max Speed: 96.68 M/s, Avg Speed: 54.43 M/s, Max Resolution: 1920x1080
Category: ☘️安徽频道，#genre#, Name: 安徽影视, Total: 1, Valid: 1, Valid Percent: 100.00%, Whitelist: 0, IPv4: 1, IPv6: 0, Min Delay: 642 ms, Max Speed: 0.12 M/s, Avg Speed: 0.12 M/s, Max Resolution: 1920x1080
Category: 🎬电影频道, Name: CHC高清电影, Total: 5, Valid: 2, Valid Percent: 40.00%, Whitelist: 0, IPv4: 5, IPv6: 0, Min Delay: 10004 ms, Max Speed: 0.13 M/s, Avg Speed: 0.09 M/s, Max Resolution: 1920x1080
Category: 🎬电影频道, Name: 淘剧场, Total: 1, Valid: 1, Valid Percent: 100.00%, Whitelist: 0, IPv4: 1, IPv6: 0, Min Delay: 862 ms, Max Speed: 0.83 M/s, Avg Speed: 0.83 M/s, Max Resolution: 1920x1080
Category: 🎬电影频道, Name: 淘娱乐, Total: 1, Valid: 1, Valid Percent: 100.00%, Whitelist: 0, IPv4: 1, IPv6: 0, Min Delay: 843 ms, Max Speed: 0.83 M/s, Avg Speed: 0.83 M/s, Max Resolution: 1920x1080
Category: 🎬电影频道, Name: NewTV惊悚悬疑, Total: 2, Valid: 2, Valid Percent: 100.00%, Whitelist: 0, IPv4: 2, IPv6: 0, Min Delay: 73 ms, Max Speed: 71.94 M/s, Avg Speed: 68.09 M/s, Max Resolution: 1920x1080
Category: 🎬电影频道, Name: 靖天映画, Total: 1, Valid: 1, Valid Percent: 100.00%, Whitelist: 0, IPv4: 0, IPv6: 1, Min Delay: 477 ms, Max Speed: 0.42 M/s, Avg Speed: 0.42 M/s, Max Resolution: 1920x1080
Category: 🎬电影频道, Name: 靖天戏剧, Total: 1, Valid: 1, Valid Percent: 100.00%, Whitelist: 0, IPv4: 0, IPv6: 1, Min Delay: 15 ms, Max Speed: 19.30 M/s, Avg Speed: 19.30 M/s, Max Resolution: 1920x1080
Category: 🎬电影频道, Name: IPTV经典电影, Total: 1, Valid: 1, Valid Percent: 100.00%, Whitelist: 0, IPv4: 1, IPv6: 0, Min Delay: 433 ms, Max Speed: 0.28 M/s, Avg Speed: 0.28 M/s, Max Resolution: 1920x1080
Category: 体育频道，#genre#, Name: CCTV-5+, Total: 1, Valid: 1, Valid Percent: 100.00%, Whitelist: 0, IPv4: 1, IPv6: 0, Min Delay: 10496 ms, Max Speed: 0.49 M/s, Avg Speed: 0.49 M/s, Max Resolution: 1920x1080
Category: 体育频道，#genre#, Name: 广东体育, Total: 4, Valid: 4, Valid Percent: 100.00%, Whitelist: 0, IPv4: 0, IPv6: 4, Min Delay: 333 ms, Max Speed: 31.04 M/s, Avg Speed: 27.46 M/s, Max Resolution: 1920x1080
Category: 体育频道，#genre#, Name: 五星体育, Total: 1, Valid: 1, Valid Percent: 100.00%, Whitelist: 0, IPv4: 1, IPv6: 0, Min Delay: 5568 ms, Max Speed: 0.72 M/s, Avg Speed: 0.72 M/s, Max Resolution: 1920x1080
Category: 体育频道，#genre#, Name: 劲爆体育, Total: 1, Valid: 1, Valid Percent: 100.00%, Whitelist: 0, IPv4: 1, IPv6: 0, Min Delay: 10262 ms, Max Speed: 0.14 M/s, Avg Speed: 0.14 M/s, Max Resolution: 1920x1080
Category: 体育频道，#genre#, Name: 爱体育, Total: 20, Valid: 0, Valid Percent: 0.00%, Whitelist: 0, IPv4: 20, IPv6: 0, Min Delay: 10003 ms, Max Speed: 0.00 M/s, Avg Speed: 0.00 M/s, Max Resolution: None
Category: 体育频道，#genre#, Name: 广州竞赛, Total: 1, Valid: 0, Valid Percent: 0.00%, Whitelist: 0, IPv4: 1, IPv6: 0, Min Delay: 494 ms, Max Speed: 0.00 M/s, Avg Speed: 0.00 M/s, Max Resolution: None
Category: 体育频道，#genre#, Name: 辽宁体育, Total: 1, Valid: 1, Valid Percent: 100.00%, Whitelist: 0, IPv4: 1, IPv6: 0, Min Delay: 10344 ms, Max Speed: 0.36 M/s, Avg Speed: 0.36 M/s, Max Resolution: 1920x1080
Category: 体育频道，#genre#, Name: 山东体育, Total: 3, Valid: 1, Valid Percent: 33.33%, Whitelist: 0, IPv4: 3, IPv6: 0, Min Delay: 10004 ms, Max Speed: 0.01 M/s, Avg Speed: 0.01 M/s, Max Resolution: 1920x1080
Category: 体育频道，#genre#, Name: 天津体育, Total: 1, Valid: 1, Valid Percent: 100.00%, Whitelist: 0, IPv4: 1, IPv6: 0, Min Delay: 10553 ms, Max Speed: 0.06 M/s, Avg Speed: 0.06 M/s, Max Resolution: 1920x1080
Category: 体育频道，#genre#, Name: 睛彩广场舞, Total: 1, Valid: 1, Valid Percent: 100.00%, Whitelist: 0, IPv4: 1, IPv6: 0, Min Delay: 419 ms, Max Speed: 13.49 M/s, Avg Speed: 13.49 M/s, Max Resolution: 1920x1080
Category: 体育频道，#genre#, Name: 风云足球, Total: 1, Valid: 1, Valid Percent: 100.00%, Whitelist: 0, IPv4: 1, IPv6: 0, Min Delay: 368 ms, Max Speed: 11.26 M/s, Avg Speed: 11.26 M/s, Max Resolution: 1920x1080
Category: 体育频道，#genre#, Name: 魅力足球, Total: 1, Valid: 0, Valid Percent: 0.00%, Whitelist: 0, IPv4: 1, IPv6: 0, Min Delay: 10004 ms, Max Speed: 0.00 M/s, Avg Speed: 0.00 M/s, Max Resolution: None
Category: 体育频道，#genre#, Name: 天元围棋, Total: 1, Valid: 1, Valid Percent: 100.00%, Whitelist: 0, IPv4: 1, IPv6: 0, Min Delay: 428 ms, Max Speed: 9.29 M/s, Avg Speed: 9.29 M/s, Max Resolution: 1920x1080
Category: 体育频道，#genre#, Name: 快乐垂钓, Total: 10, Valid: 1, Valid Percent: 10.00%, Whitelist: 0, IPv4: 10, IPv6: 0, Min Delay: 10003 ms, Max Speed: 0.44 M/s, Avg Speed: 0.44 M/s, Max Resolution: 1920x1080
Category: 🪁动画频道, Name: 少儿动画, Total: 10, Valid: 1, Valid Percent: 10.00%, Whitelist: 0, IPv4: 10, IPv6: 0, Min Delay: 10004 ms, Max Speed: 0.21 M/s, Avg Speed: 0.21 M/s, Max Resolution: 720x576
Category: 🪁动画频道, Name: 卡酷动画, Total: 1, Valid: 1, Valid Percent: 100.00%, Whitelist: 0, IPv4: 1, IPv6: 0, Min Delay: 10255 ms, Max Speed: 0.08 M/s, Avg Speed: 0.08 M/s, Max Resolution: 720x576
Category: 🪁动画频道, Name: 新动漫, Total: 8, Valid: 0, Valid Percent: 0.00%, Whitelist: 0, IPv4: 8, IPv6: 0, Min Delay: 10004 ms, Max Speed: 0.00 M/s, Avg Speed: 0.00 M/s, Max Resolution: None
Category: 🪁动画频道, Name: 炫动卡通, Total: 11, Valid: 2, Valid Percent: 18.18%, Whitelist: 0, IPv4: 11, IPv6: 0, Min Delay: 10004 ms, Max Speed: 0.17 M/s, Avg Speed: 0.14 M/s, Max Resolution: 720x576
Category: 🪁动画频道, Name: 七龙珠, Total: 3, Valid: 3, Valid Percent: 100.00%, Whitelist: 0, IPv4: 1, IPv6: 2, Min Delay: 392 ms, Max Speed: 0.27 M/s, Avg Speed: 0.24 M/s, Max Resolution: 1920x810
Category: 🪁动画频道, Name: 火影忍者, Total: 1, Valid: 1, Valid Percent: 100.00%, Whitelist: 0, IPv4: 1, IPv6: 0, Min Delay: 1266 ms, Max Speed: 0.99 M/s, Avg Speed: 0.99 M/s, Max Resolution: 1920x1080
Category: 🪁动画频道, Name: 海绵宝宝, Total: 1, Valid: 1, Valid Percent: 100.00%, Whitelist: 0, IPv4: 0, IPv6: 1, Min Delay: 898 ms, Max Speed: 0.09 M/s, Avg Speed: 0.09 M/s, Max Resolution: 1920x1080
Category: 🪁动画频道, Name: 中华小当家, Total: 1, Valid: 1, Valid Percent: 100.00%, Whitelist: 0, IPv4: 0, IPv6: 1, Min Delay: 966 ms, Max Speed: 0.18 M/s, Avg Speed: 0.18 M/s, Max Resolution: 1920x1080
Category: 🪁动画频道, Name: 猫和老鼠, Total: 2, Valid: 2, Valid Percent: 100.00%, Whitelist: 0, IPv4: 0, IPv6: 2, Min Delay: 1062 ms, Max Speed: 0.15 M/s, Avg Speed: 0.15 M/s, Max Resolution: 1024x576
Category: 🪁动画频道, Name: 经典动漫, Total: 1, Valid: 1, Valid Percent: 100.00%, Whitelist: 0, IPv4: 0, IPv6: 1, Min Delay: 97 ms, Max Speed: 4.62 M/s, Avg Speed: 4.62 M/s, Max Resolution: 1920x1080
Category: 🪁动画频道, Name: 漫画解说, Total: 1, Valid: 1, Valid Percent: 100.00%, Whitelist: 0, IPv4: 0, IPv6: 1, Min Delay: 1174 ms, Max Speed: 0.33 M/s, Avg Speed: 0.33 M/s, Max Resolution: 1920x1080
Category: 经典剧场，#genre#, Name: 笑傲江湖, Total: 1, Valid: 1, Valid Percent: 100.00%, Whitelist: 0, IPv4: 0, IPv6: 1, Min Delay: 382 ms, Max Speed: 0.43 M/s, Avg Speed: 0.43 M/s, Max Resolution: 1920x1080
Category: 经典剧场，#genre#, Name: 天龙八部, Total: 1, Valid: 1, Valid Percent: 100.00%, Whitelist: 0, IPv4: 0, IPv6: 1, Min Delay: 468 ms, Max Speed: 0.22 M/s, Avg Speed: 0.22 M/s, Max Resolution: 1920x1080
Category: 经典剧场，#genre#, Name: 鹿鼎记, Total: 1, Valid: 1, Valid Percent: 100.00%, Whitelist: 0, IPv4: 0, IPv6: 1, Min Delay: 85 ms, Max Speed: 5.10 M/s, Avg Speed: 5.10 M/s, Max Resolution: 800x600
Category: 经典剧场，#genre#, Name: 仙剑奇侠传, Total: 1, Valid: 1, Valid Percent: 100.00%, Whitelist: 0, IPv4: 0, IPv6: 1, Min Delay: 951 ms, Max Speed: 1.03 M/s, Avg Speed: 1.03 M/s, Max Resolution: 1920x1080
Category: 经典剧场，#genre#, Name: 西游记, Total: 1, Valid: 1, Valid Percent: 100.00%, Whitelist: 0, IPv4: 1, IPv6: 0, Min Delay: 371 ms, Max Speed: 6.97 M/s, Avg Speed: 6.97 M/s, Max Resolution: 1920x1080
Category: 经典剧场，#genre#, Name: 三国演义, Total: 2, Valid: 2, Valid Percent: 100.00%, Whitelist: 0, IPv4: 0, IPv6: 2, Min Delay: 410 ms, Max Speed: 0.28 M/s, Avg Speed: 0.27 M/s, Max Resolution: 1280x720
Category: 经典剧场，#genre#, Name: 水浒传, Total: 5, Valid: 5, Valid Percent: 100.00%, Whitelist: 0, IPv4: 3, IPv6: 2, Min Delay: 97 ms, Max Speed: 6.54 M/s, Avg Speed: 4.45 M/s, Max Resolution: 1440x1080
Category: 经典剧场，#genre#, Name: 新白娘子传奇, Total: 1, Valid: 1, Valid Percent: 100.00%, Whitelist: 0, IPv4: 0, IPv6: 1, Min Delay: 693 ms, Max Speed: 0.19 M/s, Avg Speed: 0.19 M/s, Max Resolution: 800x600
Category: 经典剧场，#genre#, Name: 封神榜, Total: 1, Valid: 1, Valid Percent: 100.00%, Whitelist: 0, IPv4: 0, IPv6: 1, Min Delay: 970 ms, Max Speed: 0.76 M/s, Avg Speed: 0.76 M/s, Max Resolution: 1920x1080
Category: 经典剧场，#genre#, Name: 闯关东, Total: 1, Valid: 1, Valid Percent: 100.00%, Whitelist: 0, IPv4: 1, IPv6: 0, Min Delay: 651 ms, Max Speed: 6.93 M/s, Avg Speed: 6.93 M/s, Max Resolution: 1920x1080
Category: 经典剧场，#genre#, Name: 射雕英雄传, Total: 2, Valid: 2, Valid Percent: 100.00%, Whitelist: 0, IPv4: 0, IPv6: 2, Min Delay: 394 ms, Max Speed: 0.58 M/s, Avg Speed: 0.55 M/s, Max Resolution: 1274x670
